2025-03-13 09:29:33,353 INFO o.s.b.StartupInfoLogger [main] Starting FirstApplication using Java 21.0.5 with PID 8868 (D:\Parves\Spring Boot\StudentCRUD\target\classes started by New Horizons in D:\Parves\Spring Boot\StudentCRUD)
2025-03-13 09:29:33,356 INFO o.s.b.SpringApplication [main] No active profile set, falling back to 1 default profile: "default"
2025-03-13 09:29:34,586 INFO o.s.d.r.c.RepositoryConfigurationDelegate [main] Bootstrapping Spring Data JPA repositories in DEFAULT mode.
2025-03-13 09:29:34,663 INFO o.s.d.r.c.RepositoryConfigurationDelegate [main] Finished Spring Data repository scanning in 64 ms. Found 1 JPA repository interface.
2025-03-13 09:29:35,493 INFO o.s.b.w.e.t.TomcatWebServer [main] Tomcat initialized with port 8081 (http)
2025-03-13 09:29:35,541 INFO o.a.j.l.DirectJDKLog [main] Initializing ProtocolHandler ["http-nio-8081"]
2025-03-13 09:29:35,543 INFO o.a.j.l.DirectJDKLog [main] Starting service [Tomcat]
2025-03-13 09:29:35,544 INFO o.a.j.l.DirectJDKLog [main] Starting Servlet engine: [Apache Tomcat/10.1.36]
2025-03-13 09:29:35,616 INFO o.a.j.l.DirectJDKLog [main] Initializing Spring embedded WebApplicationContext
2025-03-13 09:29:35,616 INFO o.s.b.w.s.c.ServletWebServerApplicationContext [main] Root WebApplicationContext: initialization completed in 2200 ms
2025-03-13 09:29:36,017 INFO o.h.j.i.u.LogHelper [main] HHH000204: Processing PersistenceUnitInfo [name: default]
2025-03-13 09:29:36,095 INFO o.h.Version [main] HHH000412: Hibernate ORM core version 6.5.3.Final
2025-03-13 09:29:36,137 INFO o.h.c.i.RegionFactoryInitiator [main] HHH000026: Second-level cache disabled
2025-03-13 09:29:36,503 INFO o.s.o.j.p.SpringPersistenceUnitInfo [main] No LoadTimeWeaver setup: ignoring JPA class transformer
2025-03-13 09:29:36,544 INFO c.z.h.HikariDataSource [main] HikariPool-1 - Starting...
2025-03-13 09:29:36,899 INFO c.z.h.p.HikariPool [main] HikariPool-1 - Added connection oracle.jdbc.driver.T4CConnection@37665305
2025-03-13 09:29:36,903 INFO c.z.h.HikariDataSource [main] HikariPool-1 - Start completed.
2025-03-13 09:29:38,265 INFO o.h.e.t.j.p.i.JtaPlatformInitiator [main] HHH000489: No JTA platform available (set 'hibernate.transaction.jta.platform' to enable JTA platform integration)
2025-03-13 09:29:38,411 INFO o.s.o.j.AbstractEntityManagerFactoryBean [main] Initialized JPA EntityManagerFactory for persistence unit 'default'
2025-03-13 09:29:38,859 WARN o.s.b.a.o.j.JpaBaseConfiguration$JpaWebConfiguration [main] spring.jpa.open-in-view is enabled by default. Therefore, database queries may be performed during view rendering. Explicitly configure spring.jpa.open-in-view to disable this warning
2025-03-13 09:29:39,671 INFO o.s.b.a.e.w.EndpointLinksResolver [main] Exposing 1 endpoint beneath base path '/actuator'
2025-03-13 09:29:39,751 INFO o.a.j.l.DirectJDKLog [main] Starting ProtocolHandler ["http-nio-8081"]
2025-03-13 09:29:39,776 INFO o.s.b.w.e.t.TomcatWebServer [main] Tomcat started on port 8081 (http) with context path '/'
2025-03-13 09:29:39,792 INFO o.s.b.StartupInfoLogger [main] Started FirstApplication in 6.846 seconds (process running for 8.014)
2025-03-13 09:29:40,248 INFO o.a.j.l.DirectJDKLog [RMI TCP Connection(7)-127.0.0.1] Initializing Spring DispatcherServlet 'dispatcherServlet'
2025-03-13 09:29:40,248 INFO o.s.w.s.FrameworkServlet [RMI TCP Connection(7)-127.0.0.1] Initializing Servlet 'dispatcherServlet'
2025-03-13 09:29:40,250 INFO o.s.w.s.FrameworkServlet [RMI TCP Connection(7)-127.0.0.1] Completed initialization in 1 ms
2025-03-13 09:29:50,724 INFO o.i.S.c.StudentController [http-nio-8081-exec-1] Calling getStudents
2025-03-13 09:30:18,195 INFO o.s.b.StartupInfoLogger [main] Starting FirstApplication using Java 21.0.5 with PID 3264 (D:\Parves\Spring Boot\StudentCRUD\target\classes started by New Horizons in D:\Parves\Spring Boot\StudentCRUD)
2025-03-13 09:30:18,197 INFO o.s.b.SpringApplication [main] No active profile set, falling back to 1 default profile: "default"
2025-03-13 09:30:19,224 INFO o.s.d.r.c.RepositoryConfigurationDelegate [main] Bootstrapping Spring Data JPA repositories in DEFAULT mode.
2025-03-13 09:30:19,294 INFO o.s.d.r.c.RepositoryConfigurationDelegate [main] Finished Spring Data repository scanning in 58 ms. Found 1 JPA repository interface.
2025-03-13 09:30:20,288 INFO o.s.b.w.e.t.TomcatWebServer [main] Tomcat initialized with port 8081 (http)
2025-03-13 09:30:20,307 INFO o.a.j.l.DirectJDKLog [main] Initializing ProtocolHandler ["http-nio-8081"]
2025-03-13 09:30:20,309 INFO o.a.j.l.DirectJDKLog [main] Starting service [Tomcat]
2025-03-13 09:30:20,310 INFO o.a.j.l.DirectJDKLog [main] Starting Servlet engine: [Apache Tomcat/10.1.36]
2025-03-13 09:30:20,390 INFO o.a.j.l.DirectJDKLog [main] Initializing Spring embedded WebApplicationContext
2025-03-13 09:30:20,391 INFO o.s.b.w.s.c.ServletWebServerApplicationContext [main] Root WebApplicationContext: initialization completed in 2138 ms
2025-03-13 09:30:20,908 INFO o.h.j.i.u.LogHelper [main] HHH000204: Processing PersistenceUnitInfo [name: default]
2025-03-13 09:30:20,986 INFO o.h.Version [main] HHH000412: Hibernate ORM core version 6.5.3.Final
2025-03-13 09:30:21,030 INFO o.h.c.i.RegionFactoryInitiator [main] HHH000026: Second-level cache disabled
2025-03-13 09:30:21,401 INFO o.s.o.j.p.SpringPersistenceUnitInfo [main] No LoadTimeWeaver setup: ignoring JPA class transformer
2025-03-13 09:30:21,443 INFO c.z.h.HikariDataSource [main] HikariPool-1 - Starting...
2025-03-13 09:30:21,792 INFO c.z.h.p.HikariPool [main] HikariPool-1 - Added connection oracle.jdbc.driver.T4CConnection@21ba0d33
2025-03-13 09:30:21,795 INFO c.z.h.HikariDataSource [main] HikariPool-1 - Start completed.
2025-03-13 09:30:23,209 INFO o.h.e.t.j.p.i.JtaPlatformInitiator [main] HHH000489: No JTA platform available (set 'hibernate.transaction.jta.platform' to enable JTA platform integration)
2025-03-13 09:30:23,356 INFO o.s.o.j.AbstractEntityManagerFactoryBean [main] Initialized JPA EntityManagerFactory for persistence unit 'default'
2025-03-13 09:30:24,391 WARN o.s.b.a.o.j.JpaBaseConfiguration$JpaWebConfiguration [main] spring.jpa.open-in-view is enabled by default. Therefore, database queries may be performed during view rendering. Explicitly configure spring.jpa.open-in-view to disable this warning
2025-03-13 09:30:26,123 INFO o.s.b.a.e.w.EndpointLinksResolver [main] Exposing 1 endpoint beneath base path '/actuator'
2025-03-13 09:30:26,222 INFO o.a.j.l.DirectJDKLog [main] Starting ProtocolHandler ["http-nio-8081"]
2025-03-13 09:30:26,245 INFO o.s.b.w.e.t.TomcatWebServer [main] Tomcat started on port 8081 (http) with context path '/'
2025-03-13 09:30:26,262 INFO o.s.b.StartupInfoLogger [main] Started FirstApplication in 8.476 seconds (process running for 9.564)
2025-03-13 09:30:26,628 INFO o.a.j.l.DirectJDKLog [RMI TCP Connection(7)-127.0.0.1] Initializing Spring DispatcherServlet 'dispatcherServlet'
2025-03-13 09:30:26,629 INFO o.s.w.s.FrameworkServlet [RMI TCP Connection(7)-127.0.0.1] Initializing Servlet 'dispatcherServlet'
2025-03-13 09:30:26,631 INFO o.s.w.s.FrameworkServlet [RMI TCP Connection(7)-127.0.0.1] Completed initialization in 2 ms
